route-missing-pristine GREEN
route-missing-mutant RED
route-missing-restored GREEN
loopback-guard-missing-pristine GREEN
loopback-guard-missing-mutant RED
loopback-guard-missing-restored GREEN
callback-missing-pristine GREEN
callback-missing-mutant RED
callback-missing-restored GREEN
idempotence-missing-pristine GREEN
idempotence-missing-mutant RED
idempotence-missing-restored GREEN
stop-event-ignored-pristine GREEN
stop-event-ignored-mutant RED
stop-event-ignored-restored GREEN
release-missing-pristine GREEN
release-missing-mutant RED
release-missing-restored GREEN
release-after-engines-pristine GREEN
release-after-engines-mutant RED
release-after-engines-restored GREEN
udp-close-missing-pristine GREEN
udp-close-missing-mutant RED
udp-close-missing-restored GREEN
reply-wait-missing-pristine GREEN
reply-wait-missing-mutant RED
reply-wait-missing-restored GREEN
http-close-missing-pristine GREEN
http-close-missing-mutant RED
http-close-missing-restored GREEN
tray-callback-missing-pristine GREEN
tray-callback-missing-mutant RED
tray-callback-missing-restored GREEN
tray-join-missing-pristine GREEN
tray-join-missing-mutant RED
tray-join-missing-restored GREEN
tray-early-exit-guard-missing-pristine GREEN
tray-early-exit-guard-missing-mutant RED
tray-early-exit-guard-missing-restored GREEN
ALL_13_BITE; every restored file byte-equal
