PASS free port 17841
PASS free port 47841
browserType.launch: Target page, context or browser has been closed
Browser logs:

<launching> /Users/viddyslap/Library/Caches/ms-playwright/chromium_headless_shell-1208/chrome-headless-shell-mac-arm64/chrome-headless-shell --disable-field-trial-config --disable-background-networking --disable-background-timer-throttling --disable-backgrounding-occluded-windows --disable-back-forward-cache --disable-breakpad --disable-client-side-phishing-detection --disable-component-extensions-with-background-pages --disable-component-update --no-default-browser-check --disable-default-apps --disable-dev-shm-usage --disable-extensions --disable-features=AvoidUnnecessaryBeforeUnloadCheckSync,BoundaryEventDispatchTracksNodeRemoval,DestroyProfileOnBrowserClose,DialMediaRouteProvider,GlobalMediaControls,HttpsUpgrades,LensOverlay,MediaRouter,PaintHolding,ThirdPartyStoragePartitioning,Translate,AutoDeElevate,RenderDocument,OptimizationHints --enable-features=CDPScreenshotNewSurface --allow-pre-commit-input --disable-hang-monitor --disable-ipc-flooding-protection --disable-popup-blocking --disable-prompt-on-repost --disable-renderer-backgrounding --force-color-profile=srgb --metrics-recording-only --no-first-run --password-store=basic --use-mock-keychain --no-service-autorun --export-tagged-pdf --disable-search-engine-choice-screen --unsafely-disable-devtools-self-xss-warnings --edge-skip-compat-layer-relaunch --enable-automation --disable-infobars --disable-search-engine-choice-screen --disable-sync --headless --hide-scrollbars --mute-audio --blink-settings=primaryHoverType=2,availableHoverTypes=2,primaryPointerType=4,availablePointerTypes=4 --no-sandbox --user-data-dir=/private/tmp/sdfix-u1/geometry-8h_6vdom/playwright_chromiumdev_profile-wa46du --remote-debugging-pipe --no-startup-window
<launched> pid=91703
[pid=91703][err] [0914/222307.156302:ERROR:base/power_monitor/thermal_state_observer_mac.mm:140] ThermalStateObserverMac unable to register to power notifications. Result: 9
[pid=91703][err] [0914/222307.157510:ERROR:net/dns/dns_config_service_posix.cc:138] DNS config watch failed to start.
[pid=91703][err] [0914/222307.158873:FATAL:base/apple/mach_port_rendezvous_mac.cc:155] Check failed: kr == KERN_SUCCESS. bootstrap_check_in org.chromium.Chromium.MachPortRendezvousServer.91703: Permission denied (1100)
Call log:
[2m  - <launching> /Users/viddyslap/Library/Caches/ms-playwright/chromium_headless_shell-1208/chrome-headless-shell-mac-arm64/chrome-headless-shell --disable-field-trial-config --disable-background-networking --disable-background-timer-throttling --disable-backgrounding-occluded-windows --disable-back-forward-cache --disable-breakpad --disable-client-side-phishing-detection --disable-component-extensions-with-background-pages --disable-component-update --no-default-browser-check --disable-default-apps --disable-dev-shm-usage --disable-extensions --disable-features=AvoidUnnecessaryBeforeUnloadCheckSync,BoundaryEventDispatchTracksNodeRemoval,DestroyProfileOnBrowserClose,DialMediaRouteProvider,GlobalMediaControls,HttpsUpgrades,LensOverlay,MediaRouter,PaintHolding,ThirdPartyStoragePartitioning,Translate,AutoDeElevate,RenderDocument,OptimizationHints --enable-features=CDPScreenshotNewSurface --allow-pre-commit-input --disable-hang-monitor --disable-ipc-flooding-protection --disable-popup-blocking --disable-prompt-on-repost --disable-renderer-backgrounding --force-color-profile=srgb --metrics-recording-only --no-first-run --password-store=basic --use-mock-keychain --no-service-autorun --export-tagged-pdf --disable-search-engine-choice-screen --unsafely-disable-devtools-self-xss-warnings --edge-skip-compat-layer-relaunch --enable-automation --disable-infobars --disable-search-engine-choice-screen --disable-sync --headless --hide-scrollbars --mute-audio --blink-settings=primaryHoverType=2,availableHoverTypes=2,primaryPointerType=4,availablePointerTypes=4 --no-sandbox --user-data-dir=/private/tmp/sdfix-u1/geometry-8h_6vdom/playwright_chromiumdev_profile-wa46du --remote-debugging-pipe --no-startup-window[22m
[2m  - <launched> pid=91703[22m
[2m  - [pid=91703][err] [0914/222307.156302:ERROR:base/power_monitor/thermal_state_observer_mac.mm:140] ThermalStateObserverMac unable to register to power notifications. Result: 9[22m
[2m  - [pid=91703][err] [0914/222307.157510:ERROR:net/dns/dns_config_service_posix.cc:138] DNS config watch failed to start.[22m
[2m  - [pid=91703][err] [0914/222307.158873:FATAL:base/apple/mach_port_rendezvous_mac.cc:155] Check failed: kr == KERN_SUCCESS. bootstrap_check_in org.chromium.Chromium.MachPortRendezvousServer.91703: Permission denied (1100)[22m
[2m  - [pid=91703] <gracefully close start>[22m
[2m  - [pid=91703] <kill>[22m
[2m  - [pid=91703] <will force kill>[22m
[2m  - [pid=91703] exception while trying to kill process: Error: kill EPERM[22m
[2m  - [pid=91703] <process did exit: exitCode=null, signal=SIGTRAP>[22m
[2m  - [pid=91703] starting temporary directories cleanup[22m
[2m  - [pid=91703] finished temporary directories cleanup[22m
[2m  - [pid=91703] <gracefully close end>[22m

    at /Users/viddyslap/Documents/project-workspaces/steam-deck-midi/tests/ui_controller_geometry.cjs:106:32
    at Object.<anonymous> (/Users/viddyslap/Documents/project-workspaces/steam-deck-midi/tests/ui_controller_geometry.cjs:154:3)
PASS bridge PID 91670 gone=True
RECEIPT /private/tmp/sdfix-u1/geometry-8h_6vdom/receipt.json
Traceback (most recent call last):
  File "/Users/viddyslap/Documents/project-workspaces/steam-deck-midi/scripts/showready/ui_geometry.py", line 83, in <module>
    if code:raise RuntimeError('Pristine geometry failed; see '+str(work/'pristine.log'))
            ^^^^^^^^^^^^^^^^^^^^^^^^^^^^^^^^^^^^^^^^^^^^^^^^^^^^^^^^^^^^^^^^^^^^^^^^^^^^^
RuntimeError: Pristine geometry failed; see /private/tmp/sdfix-u1/geometry-8h_6vdom/pristine.log
