PASS 1440x900.closed.23-labels ["btn_a","btn_b","btn_x","btn_y","dpad_down","dpad_left","dpad_right","dpad_up","gyro","l1","l2","l4","l5","left_pad","left_stick","r1","r2","r4","r5","right_pad","right_stick","select","start"]
PASS 1440x900.closed.23-leaders ["btn_a","btn_b","btn_x","btn_y","dpad_down","dpad_left","dpad_right","dpad_up","gyro","l1","l2","l4","l5","left_pad","left_stick","r1","r2","r4","r5","right_pad","right_stick","select","start"]
PASS 1440x900.closed.23-shapes ["btn_a","btn_b","btn_x","btn_y","dpad_down","dpad_left","dpad_right","dpad_up","gyro","l1","l2","l4","l5","left_pad","left_stick","r1","r2","r4","r5","right_pad","right_stick","select","start"]
PASS 1440x900.closed.23-arrowheads ["btn_a","btn_b","btn_x","btn_y","dpad_down","dpad_left","dpad_right","dpad_up","gyro","l1","l2","l4","l5","left_pad","left_stick","r1","r2","r4","r5","right_pad","right_stick","select","start"]
PASS 1440x900.closed.label-overlaps []
PASS 1440x900.closed.leader-intersections []
FAIL 1440x900.closed.own-edge.btn_a {"distance":39.73417227103532,"insideOther":["btn_b"],"end":{"x":1129.7206932376848,"y":427.4456408135245}}
PASS 1440x900.closed.glyph-clear.btn_a []
PASS 1440x900.closed.leader-visible.btn_a {"points":[{"x":1270.5708722741433,"y":438.34283271385505},{"x":1129.7206932376848,"y":427.4456408135245}]}
FAIL 1440x900.closed.own-edge.btn_b {"distance":21.659931628151607,"insideOther":["btn_a"],"end":{"x":1094.0151245497468,"y":464.6798184831566}}
PASS 1440x900.closed.glyph-clear.btn_b []
PASS 1440x900.closed.leader-visible.btn_b {"points":[{"x":1270.5708722741433,"y":494.25289890847847},{"x":1094.0151245497468,"y":464.6798184831566}]}
PASS 1440x900.closed.own-edge.btn_x {"distance":0.000003268042860327114,"insideOther":[],"end":{"x":1041.349508315232,"y":443.09360068015224}}
PASS 1440x900.closed.glyph-clear.btn_x []
PASS 1440x900.closed.leader-visible.btn_x {"points":[{"x":1283.8239702361393,"y":553.9671899433076},{"x":1041.349508315232,"y":493.08129621369073},{"x":1041.349508315232,"y":443.09360068015224}]}
PASS 1440x900.closed.own-edge.btn_y {"distance":0.00001216900318468106,"insideOther":[],"end":{"x":1094.0151245497468,"y":389.8598237676413}}
PASS 1440x900.closed.glyph-clear.btn_y []
PASS 1440x900.closed.leader-visible.btn_y {"points":[{"x":1270.5708722741433,"y":383.94519853443376},{"x":1094.0151245497468,"y":389.8598237676413}]}
PASS 1440x900.closed.own-edge.dpad_up {"distance":1.663730699874577e-7,"insideOther":[],"end":{"x":348.6627504105137,"y":477.82576119491245}}
PASS 1440x900.closed.glyph-clear.dpad_up []
PASS 1440x900.closed.leader-visible.dpad_up {"points":[{"x":169.42912772585666,"y":454.40889321680754},{"x":348.6627504105137,"y":477.82576119491245}]}
PASS 1440x900.closed.own-edge.dpad_down {"distance":1.663730699874577e-7,"insideOther":[],"end":{"x":348.6627504105137,"y":552.203183991144}}
PASS 1440x900.closed.glyph-clear.dpad_down []
PASS 1440x900.closed.leader-visible.dpad_down {"points":[{"x":169.42912772585666,"y":566.0131599212361},{"x":348.6627504105137,"y":552.203183991144}]}
PASS 1440x900.closed.own-edge.dpad_left {"distance":0.000003992954077602917,"insideOther":[],"end":{"x":313.8498880261572,"y":514.9828962522133}}
PASS 1440x900.closed.glyph-clear.dpad_left []
PASS 1440x900.closed.leader-visible.dpad_left {"points":[{"x":169.42912772585666,"y":510.5135099226812},{"x":313.8498880261572,"y":514.9828962522133}]}
PASS 1440x900.closed.own-edge.dpad_right {"distance":0.000005870593327017559,"insideOther":[],"end":{"x":398.65046119095746,"y":529.6794492299683}}
PASS 1440x900.closed.glyph-clear.dpad_right []
PASS 1440x900.closed.leader-visible.dpad_right {"points":[{"x":169.42912772585666,"y":629.8390534065222},{"x":398.65046119095746,"y":613.587377078808},{"x":398.65046119095746,"y":529.6794492299683}]}
PASS 1440x900.closed.own-edge.left_stick {"distance":0.000008960379318523337,"insideOther":[],"end":{"x":395.9725557368863,"y":417.10697354705906}}
PASS 1440x900.closed.glyph-clear.left_stick []
PASS 1440x900.closed.leader-visible.left_stick {"points":[{"x":169.42912772585666,"y":390.1736813126323},{"x":395.9725557368863,"y":417.10697354705906}]}
PASS 1440x900.closed.own-edge.right_stick {"distance":0.000013523755455935316,"insideOther":[],"end":{"x":987.791277258567,"y":460.05372446125546}}
PASS 1440x900.closed.glyph-clear.right_stick []
PASS 1440x900.closed.leader-visible.right_stick {"points":[{"x":1308.523224922727,"y":616.4518131719572},{"x":1041.349508315232,"y":502.0076883856753},{"x":987.791277258567,"y":497.544492299683},{"x":987.791277258567,"y":460.05372446125546}]}
PASS 1440x900.closed.own-edge.l1 {"distance":0.000014587354826289811,"insideOther":[],"end":{"x":395.57497743505553,"y":333.2991797485827}}
PASS 1440x900.closed.glyph-clear.l1 []
PASS 1440x900.closed.leader-visible.l1 {"points":[{"x":373.96120847422753,"y":245.47429906542055},{"x":395.57497743505553,"y":333.2991797485827}]}
PASS 1440x900.closed.own-edge.r1 {"distance":0.000014587354826289811,"insideOther":[],"end":{"x":1044.4249920711338,"y":333.2991797485827}}
PASS 1440x900.closed.glyph-clear.r1 []
PASS 1440x900.closed.leader-visible.r1 {"points":[{"x":1066.0387610319617,"y":245.47429906542055},{"x":1044.4249920711338,"y":333.2991797485827}]}
PASS 1440x900.closed.own-edge.l2 {"distance":0.000005157565738045378,"insideOther":[],"end":{"x":331.70264187631574,"y":296.46926614874246}}
PASS 1440x900.closed.glyph-clear.l2 []
PASS 1440x900.closed.leader-visible.l2 {"points":[{"x":181.32082951625927,"y":245.47429906542055},{"x":331.70264187631574,"y":296.46926614874246}]}
PASS 1440x900.closed.own-edge.r2 {"distance":0.000035651376492751297,"insideOther":[],"end":{"x":1108.2973276298735,"y":296.46926614874246}}
PASS 1440x900.closed.glyph-clear.r2 []
PASS 1440x900.closed.leader-visible.r2 {"points":[{"x":1258.6791399899303,"y":245.47429906542055},{"x":1108.2973276298735,"y":296.46926614874246}]}
PASS 1440x900.closed.own-edge.l4 {"distance":0.000009150519872491714,"insideOther":[],"end":{"x":400.67863502383597,"y":673.3940948533864}}
PASS 1440x900.closed.glyph-clear.l4 []
PASS 1440x900.closed.leader-visible.l4 {"points":[{"x":182.57876018868794,"y":821.0257009345795},{"x":400.67863502383597,"y":673.3940948533864}]}
PASS 1440x900.closed.own-edge.l5 {"distance":0.000025431315066271054,"insideOther":[],"end":{"x":418.7948858908775,"y":735.8787485758463}}
PASS 1440x900.closed.glyph-clear.l5 []
PASS 1440x900.closed.leader-visible.l5 {"points":[{"x":437.0114309007876,"y":821.0257009345795},{"x":418.7948858908775,"y":735.8787485758463}]}
PASS 1440x900.closed.own-edge.r4 {"distance":0.000009150519872491714,"insideOther":[],"end":{"x":1039.321364976164,"y":673.3940948533864}}
PASS 1440x900.closed.glyph-clear.r4 []
PASS 1440x900.closed.leader-visible.r4 {"points":[{"x":1257.4212093175015,"y":821.0257009345795},{"x":1039.321364976164,"y":673.3940948533864}]}
PASS 1440x900.closed.own-edge.r5 {"distance":0.000025431315066271054,"insideOther":[],"end":{"x":1021.2051141091225,"y":735.8787485758463}}
PASS 1440x900.closed.glyph-clear.r5 []
PASS 1440x900.closed.leader-visible.r5 {"points":[{"x":1002.9885386054018,"y":821.0257009345795},{"x":1021.2051141091225,"y":735.8787485758463}]}
PASS 1440x900.closed.own-edge.start {"distance":0.000006036966397005017,"insideOther":[],"end":{"x":999.3955748846226,"y":351.2413643216047}}
PASS 1440x900.closed.glyph-clear.start []
PASS 1440x900.closed.leader-visible.start {"points":[{"x":856.7852321161288,"y":245.47429906542055},{"x":999.3955748846226,"y":351.2413643216047}]}
PASS 1440x900.closed.own-edge.select {"distance":0.000006036966453848436,"insideOther":[],"end":{"x":440.6044251153773,"y":351.2413643216047}}
PASS 1440x900.closed.glyph-clear.select []
PASS 1440x900.closed.leader-visible.select {"points":[{"x":583.2147678838712,"y":245.47429906542055},{"x":440.6044251153773,"y":351.2413643216047}]}
PASS 1440x900.closed.own-edge.left_pad {"distance":0.000026738532142189797,"insideOther":[],"end":{"x":461.135084419607,"y":591.2714576364679}}
PASS 1440x900.closed.glyph-clear.left_pad []
PASS 1440x900.closed.leader-visible.left_pad {"points":[{"x":147.35940768637013,"y":683.3996324865989},{"x":354.01859181246647,"y":622.5137692507925},{"x":461.135084419607,"y":622.5137692507925},{"x":461.135084419607,"y":591.2714576364679}]}
PASS 1440x900.closed.own-edge.right_pad {"distance":0.000026738532142189797,"insideOther":[],"end":{"x":978.8648850865824,"y":591.2714576364679}}
PASS 1440x900.closed.glyph-clear.right_pad []
PASS 1440x900.closed.leader-visible.right_pad {"points":[{"x":1289.4610560527099,"y":678.9364364006067},{"x":1085.9814691751544,"y":622.5137692507925},{"x":978.8648850865824,"y":622.5137692507925},{"x":978.8648850865824,"y":591.2714576364679}]}
PASS 1440x900.closed.own-edge.gyro {"distance":0.000001948941871887655,"insideOther":[],"end":{"x":720,"y":750.1609516559731}}
PASS 1440x900.closed.glyph-clear.gyro []
PASS 1440x900.closed.leader-visible.gyro {"points":[{"x":720,"y":821.0257009345795},{"x":720,"y":750.1609516559731}]}
PASS 1440x900.closed.inside-visible-pane []
PASS 1440x900.closed.labels-topmost []
PASS 1440x900.closed.labels-unwrapped []
PASS 1440x900.closed.no-page-or-pane-scroll [{"id":"HTML","width":1440,"height":900,"clientWidth":1440,"clientHeight":900,"top":0,"left":0},{"id":"BODY","width":1440,"height":900,"clientWidth":1440,"clientHeight":900,"top":0,"left":0},{"id":"tab-editor","width":1440,"height":727,"clientWidth":1440,"clientHeight":727,"top":0,"left":0},{"id":"controller-picture-scroll","width":1400,"height":642,"clientWidth":1400,"clientHeight":642,"top":0,"left":0}]
SUMMARY 77/79 PASS
