PASS scratch engine configs name zero non-loopback addresses {"foreign": {}}
PASS boot1: UI up {}
PASS boot1: no state file before any CC {}
PASS boot1: hook delivered every CC through the feedback path {"injected": 12}
PASS boot1: GET /api/engines shows the CC-set five fields {"got": {"video": {"enabled": true, "beats_per_clip": 8, "transition_seconds": 2.5196850393700787, "clip_mode": "LINEAR", "layer_enabled": {"1": true, "2": true, "3": false, "4": false}}, "fx": {"enabled": true, "beats_per_clip": 32, "transition_seconds": 5.0, "clip_mode": "RANDOM", "layer_enabled": {"5": true}}, "logo": {"enabled": false, "beats_per_clip": 16, "transition_seconds": 0.0, "clip_mode": "NONE", "layer_enabled": {"6": false, "7": true}}}, "want": {"video": {"enabled": true, "beats_per_clip": 8, "transition_seconds": 2.5196850393700787, "clip_mode": "LINEAR", "layer_enabled": {"1":
PASS boot1: POST /api/shutdown 202 and exit 0, pid gone {"status": 202, "exit": 0, "ps_exit": 1}
PASS state file holds exactly the five fields per channel, equal to GET, and no runtime field {"doc": {"engines": {"Autopilot": {"channels": {"fx": {"beats_per_clip": 32, "clip_mode": "RANDOM", "enabled": true, "layer_enabled": {"5": true}, "transition_seconds": 5.0}, "logo": {"beats_per_clip": 16, "clip_mode": "NONE", "enabled": false, "layer_enabled": {"6": false, "7": true}, "transition_seconds": 0.0}, "video": {"beats_per_clip": 8, "clip_mode": "LINEAR", "enabled": true, "layer_enabled": {"1": true, "2": true, "3": false, "4": false}, "transition_seconds": 2.5196850393700787}}}}, "schema": 1}}
PASS boot2: GET /api/engines five fields equal boot1 (no input sent) {"got": {"fx": {"enabled": true, "beats_per_clip": 32, "transition_seconds": 5.0, "clip_mode": "RANDOM", "layer_enabled": {"5": true}}, "logo": {"enabled": false, "beats_per_clip": 16, "transition_seconds": 0.0, "clip_mode": "NONE", "layer_enabled": {"6": false, "7": true}}, "video": {"enabled": true, "beats_per_clip": 8, "transition_seconds": 2.5196850393700787, "clip_mode": "LINEAR", "layer_enabled": {"1": true, "2": true, "3": false, "4": false}}}}
PASS boot2: no MIDI injected and no Deck UDP sent {}
PASS boot2: restored transition push arrived WITHOUT input within 1 s of engines loaded {"delay_ms": -35.83717346191406, "first": {"t": 1789504517.5991628, "address": "/composition/layers/1/transition/duration", "value": 0.25196850299835205, "len": 52, "raw_hex": "2f636f6d706f736974696f6e2f6c61796572732f312f7472616e736974696f6e2f6475726174696f6e0000002c6600003e810204"}, "engines_loaded": ["2026-09-15 14:35:17,635 INFO windows.receiver engines loaded: Audio Engine(audio_opacity), Global Color(global_color), OSC Sync(osc_sync), Autopilot(autopilot), Autopilot PTZ(autopilot_ptz), Bumper Blast(bumper_blast), Chaser Stack Dispatcher(chaser_stack_dispatcher), Flash Blast(flash_blast), 
PASS boot2: restored pushes carry the restored transition per selected layer {"pushes": {"/composition/layers/1/transition/duration": 0.251969, "/composition/layers/2/transition/duration": 0.251969, "/composition/layers/5/transition/duration": 0.5, "/composition/layers/7/transition/duration": 0.0}, "want": {"/composition/layers/1/transition/duration": 0.251969, "/composition/layers/2/transition/duration": 0.251969, "/composition/layers/5/transition/duration": 0.5, "/composition/layers/7/transition/duration": 0.0}}
PASS route: GET /api/engines/autopilot/config 200 factory live_swappable {"status": 200, "source": "factory", "live_swappable": true}
PASS control: before PUT, the Deck L_PAD_LEFT note consults the OLD autopilot filter {"calls": 1}
PASS route: PUT autopilot config 200, file written, live instance replaced (new id, update_hz 20) {"status": 200, "file_equals_body": true, "autopilot_ids": [4397134144], "update_hz": [20.0], "filter_owner_ids": [4397134144], "filter_owner_types": ["AutopilotEngine"]}
PASS route: after PUT the registry holds exactly the NEW autopilot filter {"filters": [4397134144]}
PASS route: after PUT only the NEW instance's note-emit filter is consulted {"calls": 1}
PASS route: PUT bad spec 400, file sha256 unchanged, instance unchanged {"status": 400, "body": {"error": "invalid autopilot config: could not convert string to float: 'fast'"}, "sha_before": "7723428372b0f8127ef807b2f18c601fcca689742f47e718ed8fa8d2ccd8456f", "sha_after": "7723428372b0f8127ef807b2f18c601fcca689742f47e718ed8fa8d2ccd8456f", "ids": [4397134144]}
PASS route: PUT restart_required type (osc_sync) 409, nothing written {"get_status": 200, "status": 409, "body": {"error": "restart_required", "reason": "shutdown joins an in-flight sync pass for up to 5 s, which would stall MIDI on the receiver thread while the pass holds composition master at 0", "type": "osc_sync"}, "sha_before": "405fa7383490a4680ccdfa054d881979aba107a1392fb0eb738a4434738ff707", "sha_after": "405fa7383490a4680ccdfa054d881979aba107a1392fb0eb738a4434738ff707", "engines_dir_before": ["audio_opacity.json", "autopilot.json", "global_color.json", "osc_sync.json"], "engines_dir_after": ["audio_opacity.json", "autopilot.json", "global_color.json", "
PASS route: GET /api/osc-relay 200 running {"status": 200}
PASS route: PUT osc-relay 200; one datagram to listen arrives at BOTH new destinations {"status": 200, "file_equals_body": true, "d1": 1, "d2": 1}
PASS route: PUT osc-relay destination == listen 400, file unchanged {"status": 400, "body": {"error": "osc_relay destination '127.0.0.1:59845' is the relay's own listen address; that would loop"}, "sha_unchanged": true}
PASS route: GET /api/midi/ports lists the python-rtmidi names (IAC present) and opened nothing {"inputs": ["IAC Driver DECK_IN", "IAC Driver DECK_OUT", "IAC Driver PULSE_OUT", "ipMIDI Port 1"], "outputs": ["IAC Driver DECK_IN", "IAC Driver DECK_OUT", "IAC Driver PULSE_OUT", "ipMIDI Port 1"], "rtmidi": {"inputs": ["IAC Driver DECK_IN", "IAC Driver DECK_OUT", "IAC Driver PULSE_OUT", "ipMIDI Port 1"], "outputs": ["IAC Driver DECK_IN", "IAC Driver DECK_OUT", "IAC Driver PULSE_OUT", "ipMIDI Port 1"]}, "opens": []}
PASS route: GET /api/logs/tail?lines=50 returns <=50 timestamped records; boot line present in the ring {"status": 200, "count": 50, "stamped": 50, "first": "2026-09-15 14:35:17,588 INFO windows.engines.registry auto-merging factory default for engine type 'flash_blast' (not in engines/)", "boot_line_in_50": false, "status_1000": 200, "boot_line": ["2026-09-15 14:35:17,587 INFO root build fingerprint: version=0.5.0 commit=source built_utc=source"]}
PASS 2b: osc_sync loads the home-relative preset (resync parsed its targets from HOME) {"parsed": ["2026-09-15 14:35:23,210 INFO windows.engines.osc_sync osc_sync: parsed 2 wigglable targets from /tmp/sdauto-gate/s1/run/home/OneDrive/Documents/Resolume Arena/Shortcuts/OSC/STEAMDECK V2.xml"], "body": {"ok": true, "target_count": 2}}
PASS 2b: stageflow_bridge resolves comp_path under HOME (attribute read; see report: no runtime read site) {"comp": ["/tmp/sdauto-gate/s1/run/home/OneDrive/Documents/Resolume Arena/Compositions/5-5-26 STEAMDECK V2.avc"]}
PASS clear: POST .../state/clear 200 persisted, GET and file both defaults {"status": 200, "persisted": true, "get": {"fx": {"enabled": false, "beats_per_clip": 16, "transition_seconds": 0.0, "clip_mode": "NONE", "layer_enabled": {"5": false}}, "logo": {"enabled": false, "beats_per_clip": 16, "transition_seconds": 0.0, "clip_mode": "NONE", "layer_enabled": {"6": false, "7": false}}, "video": {"enabled": false, "beats_per_clip": 16, "transition_seconds": 0.0, "clip_mode": "NONE", "layer_enabled": {"1": false, "2": false, "3": false, "4": false}}}, "file": {"fx": {"beats_per_clip": 16, "clip_mode": "NONE", "enabled": false, "layer_enabled": {"5": false}, "transition_se
PASS boot2: POST /api/shutdown 202 and exit 0, pid gone {"status": 202, "exit": 0, "ps_exit": 1}
PASS after boot2 shutdown the file still holds defaults {}
PASS boot3: corrupt file -> GET shows config defaults and one warning {"got": {"fx": {"enabled": false, "beats_per_clip": 16, "transition_seconds": 0.0, "clip_mode": "NONE", "layer_enabled": {"5": false}}, "logo": {"enabled": false, "beats_per_clip": 16, "transition_seconds": 0.0, "clip_mode": "NONE", "layer_enabled": {"6": false, "7": false}}, "video": {"enabled": false, "beats_per_clip": 16, "transition_seconds": 0.0, "clip_mode": "NONE", "layer_enabled": {"1": false, "2": false, "3": false, "4": false}}}, "warn": ["2026-09-15 14:35:23,355 WARNING windows.engines.autopilot Autopilot: ignoring autopilot state file /tmp/sdauto-gate/s1/run/tree/config/state/autop
PASS boot3: POST /api/shutdown 202 and exit 0, pid gone {"status": 202, "exit": 0, "ps_exit": 1}
PASS boot3: corrupt file byte-identical after boot and shutdown {"sha_before": "c6051eb4eeb3d4719d0e4a101780fa3cd2c1558556763a79a4967884ea3cccc1", "sha_after": "c6051eb4eeb3d4719d0e4a101780fa3cd2c1558556763a79a4967884ea3cccc1"}
GATE BRIDGE PASSED 31 / 31
