INFO build fingerprint: version=0.5.0 commit=source built_utc=source
INFO single-instance: another tray-mode process is running at http://127.0.0.1:7799; --no-browser set, exiting
.INFO build fingerprint: version=0.5.0 commit=source built_utc=source
INFO single-instance: another tray-mode process is running; opening http://127.0.0.1:7799 and exiting
.INFO build fingerprint: version=0.5.0 commit=source built_utc=source
INFO selected MIDI output port: name=dry-run index=n/a
INFO mapping UI available at http://127.0.0.1:7723
FINFO build fingerprint: version=0.5.0 commit=source built_utc=source
INFO selected MIDI output port: name=dry-run index=n/a
INFO mapping UI available at http://127.0.0.1:7723
.INFO build fingerprint: version=0.5.0 commit=source built_utc=source
INFO selected MIDI output port: name=dry-run index=n/a
INFO mapping UI available at http://127.0.0.1:7723
.INFO build fingerprint: version=0.5.0 commit=source built_utc=source
INFO selected MIDI output port: name=dry-run index=n/a
INFO mapping UI available at http://127.0.0.1:7723
.INFO build fingerprint: version=0.5.0 commit=source built_utc=source
INFO selected MIDI output port: name=dry-run index=n/a
INFO mapping UI available at http://127.0.0.1:7723
.F.
======================================================================
FAIL: test_darwin_non_tray_never_constructs_or_stops_receiver_tray (tests.test_win_recv_tray_platform.MainTrayAndBrowserTests.test_darwin_non_tray_never_constructs_or_stops_receiver_tray)
----------------------------------------------------------------------
Traceback (most recent call last):
  File "/private/tmp/sdauto-gate/s6/tree-d/tests/test_win_recv_tray_platform.py", line 65, in test_darwin_non_tray_never_constructs_or_stops_receiver_tray
    self.assertEqual(fake_tray.ReceiverTray.call_count, 0)
AssertionError: 1 != 0

======================================================================
FAIL: test_platform_rule (tests.test_win_recv_tray_platform.ShouldStartReceiverTrayTests.test_platform_rule)
----------------------------------------------------------------------
Traceback (most recent call last):
  File "/private/tmp/sdauto-gate/s6/tree-d/tests/test_win_recv_tray_platform.py", line 19, in test_platform_rule
    self.assertFalse(win_recv._should_start_receiver_tray("darwin", False))
AssertionError: True is not false

----------------------------------------------------------------------
Ran 9 tests in 0.031s

FAILED (failures=2)
