PID 267200 gone=True
PID 274612 gone=True
PID 275184 gone=True
PID 278204 gone=True
PID 278252 gone=True
PID 279004 gone=True
PID 280056 gone=True
PID 281692 gone=True
PID 285460 gone=True
PID 285720 gone=True
PID 286616 gone=True
PID 287416 gone=True
PID 287460 gone=True
PID 287576 gone=True
PID 289652 gone=True
PID 289884 gone=True
PID 290672 gone=True
PYTHON_UNDER_CLONE_OR_WORK 0
CLONE_HEAD 9fc224a7d1232042ab32575b02c61be510747fa2
SOURCE_LF_SHA256 deck\control_api.py b1d40b8017b32361e0a2aef3f36846fbd51a4b1dd685e45935e55d582c49820a
SOURCE_LF_SHA256 tests\test_deck_control_api.py fa56305ed7509464e6cf90fdb4c01ce9158abfa78d250e6fc2e393aab1239d0d
