sent action=BTN_A state=down seq=17
sent action=BTN_A state=up seq=1
MIDI note_on channel=1 note=80 velocity=127
MIDI note_off channel=1 note=80 velocity=0
MIDI panic
MIDI note_on channel=1 note=80 velocity=127
MIDI note_off channel=1 note=80 velocity=0
MIDI panic
MIDI note_on channel=1 note=80 velocity=127
MIDI note_off channel=1 note=80 velocity=0
MIDI panic
MIDI note_on channel=1 note=80 velocity=127
MIDI note_off channel=1 note=80 velocity=0
MIDI panic
MIDI note_on channel=0 note=36 velocity=127
MIDI note_off channel=0 note=36 velocity=0
MIDI panic
MIDI note_on channel=0 note=36 velocity=127
MIDI note_off channel=0 note=36 velocity=0
MIDI panic
MIDI note_on channel=0 note=36 velocity=127
MIDI note_off channel=0 note=36 velocity=0
MIDI panic
MIDI note_on channel=0 note=61 velocity=127
MIDI note_off channel=0 note=61 velocity=0
MIDI panic
MIDI note_on channel=1 note=80 velocity=127
MIDI note_off channel=1 note=80 velocity=0
MIDI panic
MIDI note_on channel=0 note=45 velocity=127
MIDI note_off channel=0 note=45 velocity=0
MIDI panic
MIDI note_on channel=0 note=57 velocity=127
MIDI note_off channel=0 note=57 velocity=0
MIDI panic
MIDI note_on channel=1 note=80 velocity=127
MIDI note_off channel=1 note=80 velocity=0
MIDI panic
MIDI note_on channel=0 note=36 velocity=127
MIDI note_off channel=0 note=36 velocity=0
MIDI panic
HTML API bar: 22 paths registered; HTML parsed; ids unique
HTML API bar: 23 paths registered; HTML parsed; ids unique
HTML API bar: 22 paths registered; HTML parsed; ids unique
HTML API bar: 22 paths registered; HTML parsed; ids unique
