2026-09-16 03:57:43 MAC SHA256 base.zip 438e04911ac54f30e7f1d917947547c13c37a7310cd6bdf25f4c3f6e356d6d2b 59672838 bytes
2026-09-16 03:57:43 MAC SHA256 head.zip bc27903cf303ce30f05639ae8cce52d7956205c623a8bae4da3fb06bd16a7227 68210794 bytes
2026-09-16 03:57:43 MAC SHA256 fixtures.zip a806a8b85141ca26403dec41a3313db1a35a7df265603bb50b296e262c8d7ad2 17198 bytes
2026-09-16 03:57:43 MAC SHA256 closed_only.py 44b8fb1f5a87e1951c128f9034ca8d672d17b351479f16236490f3c0b017639c 11986 bytes
2026-09-16 03:57:51 PUT base.zip ok
2026-09-16 03:58:03 PUT head.zip ok
2026-09-16 03:58:04 PUT fixtures.zip ok
2026-09-16 03:58:05 PUT closed_only.py ok
2026-09-16 03:59:43 SETUP exit 0
2026-09-16 04:06:57 FORWARD exit 0
2026-09-16 04:13:18 REVERSE exit 0
2026-09-16 04:13:19 GET 01-base ok
2026-09-16 04:13:20 GET 02-head ok
2026-09-16 04:13:21 GET 03-base ok
2026-09-16 04:13:22 GET 04-head ok
2026-09-16 04:13:23 GET 05-head ok
2026-09-16 04:13:25 GET 06-base ok
2026-09-16 04:13:26 GET 07-head ok
2026-09-16 04:13:28 GET 08-base ok
2026-09-16 04:13:29 SESSION END
