{
  "command": [
    "/Users/viddyslap/Documents/project-workspaces/steam-deck-midi/.venv/bin/python",
    "docs/sdlive-e1/check_scope.py",
    "/tmp/sdlive-e1/scope.json"
  ],
  "base": "c406d6e60d268e79334da398168ff07ad94690a2",
  "receiver_methods_preserved": 40,
  "unchanged_receiver_method_bodies": 34,
  "changed_method_bodies": [
    "__init__",
    "handle_datagram",
    "release_all",
    "advance_fades",
    "advance_relative_ccs",
    "advance_staged_note_macros"
  ],
  "byte_identical_paths": [
    "windows/config.py",
    "windows/midi.py",
    "scripts/showready/.gitattributes",
    "scripts/showready/README.md",
    "scripts/showready/SHA256SUMS",
    "scripts/showready/ab_run.py",
    "scripts/showready/capture_runner.py",
    "scripts/showready/deck_script.py",
    "scripts/showready/ui_geometry.py",
    "scripts/showready/ui_geometry.sh",
    "scripts/showready/win_guard.ps1",
    "scripts/showready/win_rail.sh",
    "tests/.gitattributes",
    "tests/README.md",
    "tests/__init__.py",
    "tests/_engine_helpers.py",
    "tests/playwright_ui_test.py",
    "tests/test_autopilot_fallback_and_column.py",
    "tests/test_autopilot_ptz.py",
    "tests/test_bridge_shutdown.py",
    "tests/test_bumper_blast.py",
    "tests/test_chaser_stack_dispatcher.py",
    "tests/test_controller_map.py",
    "tests/test_controller_routes.py",
    "tests/test_deck_control_api.py",
    "tests/test_deck_fanout_launch.py",
    "tests/test_deck_local_config.py",
    "tests/test_deck_sender.py",
    "tests/test_deck_transport.py",
    "tests/test_engine_states.py",
    "tests/test_engines.py",
    "tests/test_flash_blast.py",
    "tests/test_global_color.py",
    "tests/test_gyro_feedback.py",
    "tests/test_gyro_layer_indicator.py",
    "tests/test_l_stick_layer.py",
    "tests/test_learn_wizard.py",
    "tests/test_nestdrop_engine.py",
    "tests/test_osc_relay.py",
    "tests/test_osc_sync.py",
    "tests/test_preset_watch.py",
    "tests/test_protocol.py",
    "tests/test_ptz_visca.py",
    "tests/test_receiver.py",
    "tests/test_section_launchers.py",
    "tests/test_send_test.py",
    "tests/test_showready_instrument.py",
    "tests/test_showready_rail.py",
    "tests/test_stageflow_bridge.py",
    "tests/test_steam_input_layer_tracker.py",
    "tests/test_tray_import.py",
    "tests/test_ui_node.py",
    "tests/test_ui_server.py",
    "tests/test_upgrade_boot.py",
    "tests/test_win_recv_settings.py",
    "tests/test_windows_config.py",
    "tests/test_windows_midi.py",
    "tests/ui_controller_check.cjs",
    "tests/ui_controller_geometry.cjs",
    "tests/ui_controller_macro_check.cjs",
    "tests/ui_reload_check.cjs",
    "tests/ui_sections_check.cjs"
  ],
  "status": "PASS"
}
