{
 "result": "/tmp/sdauto-gate/bar1/eab-sens-autopilot.json",
 "passed": false,
 "control": "sensitivity-autopilot",
 "control_expected": true,
 "error": null,
 "problems": [],
 "comparisons": {
  "A_vs_B_nostate": {
   "identical_events": false,
   "identical_filter_decisions": false,
   "different_sources": [
    "autopilot",
    "receiver"
   ]
  },
  "A_vs_B_state": {
   "identical_events": false,
   "identical_filter_decisions": false,
   "different_sources": [
    "autopilot",
    "receiver"
   ]
  }
 },
 "coverage": [
  {
   "engine": "audio_opacity",
   "covered": true,
   "arms": {
    "A": {
     "midi": 58,
     "osc": 0
    },
    "B_nostate": {
     "midi": 58,
     "osc": 0
    },
    "B_state": {
     "midi": 58,
     "osc": 0
    }
   }
  },
  {
   "engine": "autopilot",
   "covered": true,
   "arms": {
    "A": {
     "midi": 5,
     "osc": 1474,
     "filter_deferred_or_dropped": 6,
     "column_notes_reemitted": 5,
     "column_notes_dropped": 1
    },
    "B_nostate": {
     "midi": 4,
     "osc": 1592,
     "filter_deferred_or_dropped": 4,
     "column_notes_reemitted": 4,
     "column_notes_dropped": 0
    },
    "B_state": {
     "midi": 4,
     "osc": 1592,
     "filter_deferred_or_dropped": 4,
     "column_notes_reemitted": 4,
     "column_notes_dropped": 0
    }
   }
  },
  {
   "engine": "global_color",
   "covered": true,
   "arms": {
    "A": {
     "midi": 3,
     "osc": 424
    },
    "B_nostate": {
     "midi": 3,
     "osc": 424
    },
    "B_state": {
     "midi": 3,
     "osc": 424
    }
   }
  },
  {
   "engine": "gyro_feedback",
   "covered": true,
   "arms": {
    "A": {
     "midi": 60,
     "osc": 0
    },
    "B_nostate": {
     "midi": 60,
     "osc": 0
    },
    "B_state": {
     "midi": 60,
     "osc": 0
    }
   }
  },
  {
   "engine": "l_stick_layer",
   "covered": true,
   "arms": {
    "A": {
     "midi": 55,
     "osc": 0
    },
    "B_nostate": {
     "midi": 55,
     "osc": 0
    },
    "B_state": {
     "midi": 55,
     "osc": 0
    }
   }
  }
 ]
}
