PRE ports free: True
BOOT1 cmd: /Users/viddyslap/Documents/project-workspaces/steam-deck-midi/.venv/bin/python -B -u -m windows.win_recv --preset-section macbook --listen 0.0.0.0:45123 --map config/windows_midi_map.json --midi-port 'IAC Driver DECK_IN' --feedback-port 'IAC Driver DECK_OUT' --pulse-port 'IAC Driver PULSE_OUT' --timeout 2.0 --ui-port 7723
BOOT1 alive=True rc=None boot_s=1.23
   lsof: Python  25622 viddyslap    3u  IPv4 0xa04d2ded6485e141      0t0  UDP *:51173
   lsof: Python  25622 viddyslap    4u  IPv4 0x7dd6a46ea430ce39      0t0  UDP *:*
   lsof: Python  25622 viddyslap    5u  IPv4 0xa36b70a75e9890e5      0t0  UDP *:*
   lsof: Python  25622 viddyslap    6u  IPv4 0x7f7bf00ce1b5db9a      0t0  UDP *:*
   lsof: Python  25622 viddyslap    7u  IPv4 0x277627352ec4efbf      0t0  UDP *:*
   lsof: Python  25622 viddyslap    8u  IPv4 0xa2ddc52794db116b      0t0  UDP *:*
   lsof: Python  25622 viddyslap    9u  IPv4 0xac3f875736d4a034      0t0  UDP *:58924
   lsof: Python  25622 viddyslap   10u  IPv4 0xf6d57d73cd6a22c2      0t0  UDP *:63514
   lsof: Python  25622 viddyslap   11u  IPv4 0x498b8c1965271111      0t0  UDP *:*
   lsof: Python  25622 viddyslap   12u  IPv4 0x81d22614f8e0e627      0t0  UDP *:*
   lsof: Python  25622 viddyslap   13u  IPv4 0x1568c29d5efa15ce      0t0  UDP *:*
   lsof: Python  25622 viddyslap   14u  IPv4 0x43112ad1a4f46aa9      0t0  UDP 127.0.0.1:7010
   lsof: Python  25622 viddyslap   15u  IPv4 0x69eeeeb58ef69d12      0t0  UDP *:*
   lsof: Python  25622 viddyslap   16u  IPv4 0xaf6c891389dd3525      0t0  TCP 127.0.0.1:7723 (LISTEN)
   lsof: Python  25622 viddyslap   19u  IPv4 0x13f7fb250c863d93      0t0  UDP *:45123
  after BTN_A down (no up): IAC msgs [(1.96, [176, 78, 127]), (1.96, [177, 78, 0]), (1.96, [144, 36, 127])]
  POST first: (202, '{"stopping":true}\n', 0.011)  second: (202, '{"stopping":true}\n', 0.002)
  process exit code=0 seconds_from_POST=0.16
  IAC DECK_IN after POST (17 msgs): [(2.288, [128, 36, 0]), (2.289, [176, 123, 0]), (2.289, [177, 123, 0]), (2.289, [178, 123, 0]), (2.289, [179, 123, 0]), (2.289, [180, 123, 0]), (2.289, [181, 123, 0]), (2.289, [182, 123, 0]), (2.289, [183, 123, 0]), (2.289, [184, 123, 0]), (2.289, [185, 123, 0]), (2.289, [186, 123, 0]), (2.289, [187, 123, 0]), (2.289, [188, 123, 0]), (2.289, [189, 123, 0]), (2.289, [190, 123, 0]), (2.289, [191, 123, 0])]
   log: WARNING autopilot: clip-cache prime failed (REST): GET http://127.0.0.1:8080/api/v1/composition failed: <urlopen error [Errno 61] Connection refused>
   log: Traceback (most recent call last):
   log:     raise NotImplementedError()
   log: NotImplementedError
AFTER1 ports free: True
BOOT2 cmd: /Users/viddyslap/Documents/project-workspaces/steam-deck-midi/.venv/bin/python -B -u -m windows.win_recv --preset-section macbook --listen 0.0.0.0:45123 --map config/windows_midi_map.json --midi-port 'IAC Driver DECK_IN' --feedback-port 'IAC Driver DECK_OUT' --pulse-port 'IAC Driver PULSE_OUT' --timeout 2.0 --ui-port 7723
BOOT2 alive=True rc=None boot_s=1.22
   lsof: Python  25632 viddyslap    3u  IPv4 0x498b8c1965271111      0t0  UDP *:60762
   lsof: Python  25632 viddyslap    4u  IPv4 0x81d22614f8e0e627      0t0  UDP *:*
   lsof: Python  25632 viddyslap    5u  IPv4 0xa04d2ded6485e141      0t0  UDP *:*
   lsof: Python  25632 viddyslap    6u  IPv4 0x7dd6a46ea430ce39      0t0  UDP *:*
   lsof: Python  25632 viddyslap    7u  IPv4 0xa36b70a75e9890e5      0t0  UDP *:*
   lsof: Python  25632 viddyslap    8u  IPv4 0xac3f875736d4a034      0t0  UDP *:*
   lsof: Python  25632 viddyslap    9u  IPv4 0xf6d57d73cd6a22c2      0t0  UDP *:52425
   lsof: Python  25632 viddyslap   10u  IPv4 0x43112ad1a4f46aa9      0t0  UDP *:50451
   lsof: Python  25632 viddyslap   11u  IPv4 0xea15d4a452843eca      0t0  UDP *:*
   lsof: Python  25632 viddyslap   12u  IPv4 0x1568c29d5efa15ce      0t0  UDP *:*
   lsof: Python  25632 viddyslap   13u  IPv4 0x818c6befa178a0cb      0t0  UDP *:*
   lsof: Python  25632 viddyslap   14u  IPv4 0x35ca8e4bc3076af1      0t0  UDP 127.0.0.1:7010
   lsof: Python  25632 viddyslap   15u  IPv4 0xef39d1c720f3f8dd      0t0  UDP *:*
   lsof: Python  25632 viddyslap   16u  IPv4 0xba4b6fc838e3e811      0t0  TCP 127.0.0.1:7723 (LISTEN)
   lsof: Python  25632 viddyslap   19u  IPv4 0x498bd4f86d3c8985      0t0  UDP *:45123
SECOND bridge bound: True
SECOND log MIDI ports: ['INFO selected MIDI output port: name=IAC Driver DECK_IN index=0', 'INFO selected MIDI input feedback port: name=IAC Driver DECK_OUT index=1']
  POST first: (202, '{"stopping":true}\n', 0.001)  second: ('EXC', "ConnectionResetError(54, 'Connection reset by peer')", 0.0)
  process exit code=0 seconds_from_POST=0.038
  IAC DECK_IN after POST (16 msgs): [(4.287, [176, 123, 0]), (4.287, [177, 123, 0]), (4.287, [178, 123, 0]), (4.287, [179, 123, 0]), (4.287, [180, 123, 0]), (4.287, [181, 123, 0]), (4.287, [182, 123, 0]), (4.287, [183, 123, 0]), (4.287, [184, 123, 0]), (4.287, [185, 123, 0]), (4.287, [186, 123, 0]), (4.287, [187, 123, 0]), (4.287, [188, 123, 0]), (4.287, [189, 123, 0]), (4.287, [190, 123, 0]), (4.287, [191, 123, 0])]
   log: WARNING autopilot: clip-cache prime failed (REST): GET http://127.0.0.1:8080/api/v1/composition failed: <urlopen error [Errno 61] Connection refused>
   log: Traceback (most recent call last):
   log:     raise NotImplementedError()
   log: NotImplementedError
FINAL ports free: True rc1 0 rc2 0
