PASS 1440x900.bridge-snapshot-one-live-client {"clients":1}
PASS 1440x900.closed.count-23-labels 23
PASS 1440x900.closed.count-23-shapes 23
PASS 1440x900.closed.count-23-leaders 23
PASS 1440x900.closed.count-23-heads 23
PASS 1440x900.closed.stream-live-with-overlays-drawn {"live":"live","dots":{"left_stick":["301.21198199026","153.7866885225621"],"right_stick":["930","205"],"left_pad":["310","320"],"right_pad":["890","320"]},"bars":{"l2":"64","r2":"44.80048828870069"}}
PASS 1440x900.closed.label-overlaps-zero []
PASS 1440x900.closed.leader-crossings-zero []
PASS 1440x900.closed.endpoints-on-own-shape-edge []
PASS 1440x900.closed.no-glyph-covered-by-leader-or-head []
PASS 1440x900.closed.live-overlays-cover-no-glyph-label-or-card []
PASS 1440x900.closed.labels-topmost-hit-test []
PASS 1440x900.closed.labels-and-shapes-inside-pane []
PASS 1440x900.closed.no-page-or-pane-scroll [{"id":"HTML","sw":1440,"cw":1440,"sh":900,"ch":900,"st":0,"sl":0},{"id":"BODY","sw":1440,"cw":1440,"sh":900,"ch":900,"st":0,"sl":0},{"id":"tab-editor","sw":1440,"cw":1440,"sh":727,"ch":727,"st":0,"sl":0},{"id":"DIV","sw":1400,"cw":1400,"sh":642,"ch":642,"st":0,"sl":0}]
PASS 1440x900.open-btn_a.count-23-labels 23
PASS 1440x900.open-btn_a.count-23-shapes 23
PASS 1440x900.open-btn_a.count-23-leaders 23
PASS 1440x900.open-btn_a.count-23-heads 23
PASS 1440x900.open-btn_a.stream-live-with-overlays-drawn {"live":"live","dots":{"left_stick":["301.21198199026","153.7866885225621"],"right_stick":["930","205"],"left_pad":["310","320"],"right_pad":["890","320"]},"bars":{"l2":"64","r2":"44.80048828870069"}}
PASS 1440x900.open-btn_a.label-overlaps-zero []
PASS 1440x900.open-btn_a.leader-crossings-zero []
PASS 1440x900.open-btn_a.endpoints-on-own-shape-edge []
PASS 1440x900.open-btn_a.no-glyph-covered-by-leader-or-head []
PASS 1440x900.open-btn_a.live-overlays-cover-no-glyph-label-or-card []
PASS 1440x900.open-btn_a.labels-topmost-hit-test []
PASS 1440x900.open-btn_a.labels-and-shapes-inside-pane []
PASS 1440x900.open-btn_a.card-inside-pane {"x":1090,"y":212.5,"r":1420,"b":854}
PASS 1440x900.open-btn_a.no-label-under-card []
PASS 1440x900.open-btn_a.no-page-or-pane-scroll [{"id":"HTML","sw":1440,"cw":1440,"sh":900,"ch":900,"st":0,"sl":0},{"id":"BODY","sw":1440,"cw":1440,"sh":900,"ch":900,"st":0,"sl":0},{"id":"tab-editor","sw":1440,"cw":1440,"sh":727,"ch":727,"st":0,"sl":0},{"id":"DIV","sw":1054,"cw":1054,"sh":642,"ch":642,"st":0,"sl":0}]
PASS 1440x900.open-left_stick.count-23-labels 23
PASS 1440x900.open-left_stick.count-23-shapes 23
PASS 1440x900.open-left_stick.count-23-leaders 23
PASS 1440x900.open-left_stick.count-23-heads 23
PASS 1440x900.open-left_stick.stream-live-with-overlays-drawn {"live":"live","dots":{"left_stick":["301.21198199026","153.7866885225621"],"right_stick":["930","205"],"left_pad":["310","320"],"right_pad":["890","320"]},"bars":{"l2":"64","r2":"44.80048828870069"}}
PASS 1440x900.open-left_stick.label-overlaps-zero []
PASS 1440x900.open-left_stick.leader-crossings-zero []
PASS 1440x900.open-left_stick.endpoints-on-own-shape-edge []
PASS 1440x900.open-left_stick.no-glyph-covered-by-leader-or-head []
PASS 1440x900.open-left_stick.live-overlays-cover-no-glyph-label-or-card []
PASS 1440x900.open-left_stick.labels-topmost-hit-test []
PASS 1440x900.open-left_stick.labels-and-shapes-inside-pane []
PASS 1440x900.open-left_stick.card-inside-pane {"x":1090,"y":212.5,"r":1420,"b":854}
PASS 1440x900.open-left_stick.no-label-under-card []
PASS 1440x900.open-left_stick.no-page-or-pane-scroll [{"id":"HTML","sw":1440,"cw":1440,"sh":900,"ch":900,"st":0,"sl":0},{"id":"BODY","sw":1440,"cw":1440,"sh":900,"ch":900,"st":0,"sl":0},{"id":"tab-editor","sw":1440,"cw":1440,"sh":727,"ch":727,"st":0,"sl":0},{"id":"DIV","sw":1054,"cw":1054,"sh":642,"ch":642,"st":0,"sl":0}]
PASS 1440x900.open-r2.count-23-labels 23
PASS 1440x900.open-r2.count-23-shapes 23
PASS 1440x900.open-r2.count-23-leaders 23
PASS 1440x900.open-r2.count-23-heads 23
PASS 1440x900.open-r2.stream-live-with-overlays-drawn {"live":"live","dots":{"left_stick":["301.21198199026","153.7866885225621"],"right_stick":["930","205"],"left_pad":["310","320"],"right_pad":["890","320"]},"bars":{"l2":"64","r2":"44.80048828870069"}}
PASS 1440x900.open-r2.label-overlaps-zero []
PASS 1440x900.open-r2.leader-crossings-zero []
PASS 1440x900.open-r2.endpoints-on-own-shape-edge []
PASS 1440x900.open-r2.no-glyph-covered-by-leader-or-head []
PASS 1440x900.open-r2.live-overlays-cover-no-glyph-label-or-card []
PASS 1440x900.open-r2.labels-topmost-hit-test []
PASS 1440x900.open-r2.labels-and-shapes-inside-pane []
PASS 1440x900.open-r2.card-inside-pane {"x":1090,"y":212.5,"r":1420,"b":854}
PASS 1440x900.open-r2.no-label-under-card []
PASS 1440x900.open-r2.no-page-or-pane-scroll [{"id":"HTML","sw":1440,"cw":1440,"sh":900,"ch":900,"st":0,"sl":0},{"id":"BODY","sw":1440,"cw":1440,"sh":900,"ch":900,"st":0,"sl":0},{"id":"tab-editor","sw":1440,"cw":1440,"sh":727,"ch":727,"st":0,"sl":0},{"id":"DIV","sw":1054,"cw":1054,"sh":642,"ch":642,"st":0,"sl":0}]
PASS 1024x768.bridge-snapshot-one-live-client {"clients":1}
PASS 1024x768.closed.count-23-labels 23
PASS 1024x768.closed.count-23-shapes 23
PASS 1024x768.closed.count-23-leaders 23
PASS 1024x768.closed.count-23-heads 23
PASS 1024x768.closed.stream-live-with-overlays-drawn {"live":"live","dots":{"left_stick":["301.21198199026","153.7866885225621"],"right_stick":["930","205"],"left_pad":["310","320"],"right_pad":["890","320"]},"bars":{"l2":"64","r2":"44.80048828870069"}}
PASS 1024x768.closed.label-overlaps-zero []
PASS 1024x768.closed.leader-crossings-zero []
PASS 1024x768.closed.endpoints-on-own-shape-edge []
PASS 1024x768.closed.no-glyph-covered-by-leader-or-head []
PASS 1024x768.closed.live-overlays-cover-no-glyph-label-or-card []
PASS 1024x768.closed.labels-topmost-hit-test []
PASS 1024x768.closed.labels-and-shapes-inside-pane []
PASS 1024x768.closed.no-page-or-pane-scroll [{"id":"HTML","sw":1024,"cw":1024,"sh":768,"ch":768,"st":0,"sl":0},{"id":"BODY","sw":1024,"cw":1024,"sh":768,"ch":768,"st":0,"sl":0},{"id":"tab-editor","sw":1024,"cw":1024,"sh":595,"ch":595,"st":0,"sl":0},{"id":"DIV","sw":1000,"cw":1000,"sh":534,"ch":534,"st":0,"sl":0}]
PASS 1024x768.open-btn_a.count-23-labels 23
PASS 1024x768.open-btn_a.count-23-shapes 23
PASS 1024x768.open-btn_a.count-23-leaders 23
PASS 1024x768.open-btn_a.count-23-heads 23
PASS 1024x768.open-btn_a.stream-live-with-overlays-drawn {"live":"live","dots":{"left_stick":["301.21198199026","153.7866885225621"],"right_stick":["930","205"],"left_pad":["310","320"],"right_pad":["890","320"]},"bars":{"l2":"64","r2":"44.80048828870069"}}
PASS 1024x768.open-btn_a.label-overlaps-zero []
PASS 1024x768.open-btn_a.leader-crossings-zero []
PASS 1024x768.open-btn_a.endpoints-on-own-shape-edge []
PASS 1024x768.open-btn_a.no-glyph-covered-by-leader-or-head []
PASS 1024x768.open-btn_a.live-overlays-cover-no-glyph-label-or-card []
PASS 1024x768.open-btn_a.labels-topmost-hit-test []
PASS 1024x768.open-btn_a.labels-and-shapes-inside-pane []
PASS 1024x768.open-btn_a.card-inside-pane {"x":12,"y":560,"r":1012,"b":730}
PASS 1024x768.open-btn_a.no-label-under-card []
PASS 1024x768.open-btn_a.no-page-or-pane-scroll [{"id":"HTML","sw":1024,"cw":1024,"sh":768,"ch":768,"st":0,"sl":0},{"id":"BODY","sw":1024,"cw":1024,"sh":768,"ch":768,"st":0,"sl":0},{"id":"tab-editor","sw":1024,"cw":1024,"sh":595,"ch":595,"st":0,"sl":0},{"id":"DIV","sw":1000,"cw":1000,"sh":354,"ch":354,"st":0,"sl":0}]
PASS 1024x768.open-left_stick.count-23-labels 23
PASS 1024x768.open-left_stick.count-23-shapes 23
PASS 1024x768.open-left_stick.count-23-leaders 23
PASS 1024x768.open-left_stick.count-23-heads 23
PASS 1024x768.open-left_stick.stream-live-with-overlays-drawn {"live":"live","dots":{"left_stick":["301.21198199026","153.7866885225621"],"right_stick":["930","205"],"left_pad":["310","320"],"right_pad":["890","320"]},"bars":{"l2":"64","r2":"44.80048828870069"}}
PASS 1024x768.open-left_stick.label-overlaps-zero []
PASS 1024x768.open-left_stick.leader-crossings-zero []
PASS 1024x768.open-left_stick.endpoints-on-own-shape-edge []
PASS 1024x768.open-left_stick.no-glyph-covered-by-leader-or-head []
PASS 1024x768.open-left_stick.live-overlays-cover-no-glyph-label-or-card []
PASS 1024x768.open-left_stick.labels-topmost-hit-test []
PASS 1024x768.open-left_stick.labels-and-shapes-inside-pane []
PASS 1024x768.open-left_stick.card-inside-pane {"x":12,"y":560,"r":1012,"b":730}
PASS 1024x768.open-left_stick.no-label-under-card []
PASS 1024x768.open-left_stick.no-page-or-pane-scroll [{"id":"HTML","sw":1024,"cw":1024,"sh":768,"ch":768,"st":0,"sl":0},{"id":"BODY","sw":1024,"cw":1024,"sh":768,"ch":768,"st":0,"sl":0},{"id":"tab-editor","sw":1024,"cw":1024,"sh":595,"ch":595,"st":0,"sl":0},{"id":"DIV","sw":1000,"cw":1000,"sh":354,"ch":354,"st":0,"sl":0}]
PASS 1024x768.open-r2.count-23-labels 23
PASS 1024x768.open-r2.count-23-shapes 23
PASS 1024x768.open-r2.count-23-leaders 23
PASS 1024x768.open-r2.count-23-heads 23
PASS 1024x768.open-r2.stream-live-with-overlays-drawn {"live":"live","dots":{"left_stick":["301.21198199026","153.7866885225621"],"right_stick":["930","205"],"left_pad":["310","320"],"right_pad":["890","320"]},"bars":{"l2":"64","r2":"44.80048828870069"}}
PASS 1024x768.open-r2.label-overlaps-zero []
PASS 1024x768.open-r2.leader-crossings-zero []
PASS 1024x768.open-r2.endpoints-on-own-shape-edge []
PASS 1024x768.open-r2.no-glyph-covered-by-leader-or-head []
PASS 1024x768.open-r2.live-overlays-cover-no-glyph-label-or-card []
PASS 1024x768.open-r2.labels-topmost-hit-test []
PASS 1024x768.open-r2.labels-and-shapes-inside-pane []
PASS 1024x768.open-r2.card-inside-pane {"x":12,"y":560,"r":1012,"b":730}
PASS 1024x768.open-r2.no-label-under-card []
PASS 1024x768.open-r2.no-page-or-pane-scroll [{"id":"HTML","sw":1024,"cw":1024,"sh":768,"ch":768,"st":0,"sl":0},{"id":"BODY","sw":1024,"cw":1024,"sh":768,"ch":768,"st":0,"sl":0},{"id":"tab-editor","sw":1024,"cw":1024,"sh":595,"ch":595,"st":0,"sl":0},{"id":"DIV","sw":1000,"cw":1000,"sh":354,"ch":354,"st":0,"sl":0}]
SUMMARY 126/126 PASS
