BROWSER_PID n/a args []
PASS pre: bridge has zero live clients before any page {"clients":0}
PASS pre: Controller ready (23 labels, live) {"ok":true,"ms":20}
PASS pre: one live client while Controller visible {"ok":true,"ms":1,"seen":[1]}
FAIL 1d: Follow default OFF on a fresh profile {"aria":"true","text":"Follow: on"}
PASS 1a: BTN_A down lights A shape and label {"wait":{"ok":true,"ms":40},"idle":{"shapeDown":false,"labelDown":false,"fill":"rgb(34, 40, 64)","stroke":"rgb(154, 164, 200)","labelBg":"rgb(28, 33, 48)","labelBorder":"rgb(61, 77, 128)","tag":"","tagHidden":true},"down":{"shapeDown":true,"labelDown":true,"fill":"rgb(74, 158, 255)","stroke":"rgb(221, 226, 240)","labelBg":"rgb(42, 90, 154)","labelBorder":"rgb(74, 158, 255)","tag":"tap","tagHidden":false}}
PASS 1a: lit computed style differs from idle {"idle":["rgb(34, 40, 64)","rgb(154, 164, 200)","rgb(28, 33, 48)","rgb(61, 77, 128)"],"down":["rgb(74, 158, 255)","rgb(221, 226, 240)","rgb(42, 90, 154)","rgb(74, 158, 255)"]}
PASS 1a: bridge snapshot shows BTN_A pressed {"pressed":["BTN_A"]}
FAIL 1a: follow OFF leaves card closed on press {}
PASS 1a: BTN_A up clears shape and label {"wait":{"ok":true,"ms":29},"up":{"shapeDown":false,"labelDown":false,"fill":"rgb(34, 40, 64)","stroke":"rgb(74, 158, 255)","labelBg":"rgba(74, 158, 255, 0.12)","labelBorder":"rgb(74, 158, 255)","tag":"","tagHidden":true}}
PASS 1a: L2_SOFT_LAYER_2 lights L2 with its group tag L2 {"wait":{"ok":true,"ms":42},"l2":{"shapeDown":true,"labelDown":true,"fill":"rgb(74, 158, 255)","stroke":"rgb(221, 226, 240)","labelBg":"rgb(42, 90, 154)","labelBorder":"rgb(74, 158, 255)","tag":"L2","tagHidden":false}}
PASS 1a: L2 clears on up {"ok":true,"ms":41}
PASS 1b: left stick dot at right edge centre within 5 percent {"wait":{"ok":true,"ms":33},"cx":"310","cy":"175","dx":30,"dy":0,"travel":30,"shapeBBox":{"x":237,"y":132,"w":86,"h":86},"shapeRightEdgeCentre":{"x":323,"y":175},"screen":{"dot":{"cx":371.6866455078125,"cy":457.68389892578125,"w":8.46337890625,"h":8.46337890625},"shape":{"x":327.5560607910156,"y":431.68914794921875,"w":51.989471435546875,"h":51.989501953125},"normX":0.6976739135156267,"normY":0}}
PASS 1b: R2 bar about half at R_TRIGGER_PRESSURE 32768 of 65535 {"wait":{"ok":true,"ms":50},"width":"32.000488288700694","fraction":0.5000076295109483}
PASS 1b: trackpad dot visible while its events flow {"samples":["0.727838","1","1","1","1","1","1","1","1"],"visibleWhileFlowing":8,"packetsTicks":57}
PASS 1b: trackpad dot fades after events stop {"msAfterStop":400,"wait":{"ok":true,"ms":400}}
PASS 2: AFTER inputs rendered (A lit, stick up-right, R2 70 percent) {"wait":{"ok":true,"ms":25},"stick":{"cx":"301.21198199026","cy":"153.7866885225621","width":null,"opacity":"1","shapeBBox":{"x":237,"y":132,"w":86,"h":86},"shapeScreen":{"x":327.5560607910156,"y":431.68914794921875,"w":51.989471435546875,"h":51.989501953125},"dotScreen":{"cx":366.37400817871094,"cy":444.8598327636719,"w":8.463409423828125,"h":8.46343994140625}},"r2":{"cx":null,"cy":null,"width":"44.80048828870069","opacity":"1","shapeBBox":{"x":945,"y":32,"w":90,"h":36},"shapeScreen":{"x":755.5624389648438,"y":371.23626708984375,"w":54.4075927734375,"h":21.7630615234375},"dotScreen":{"cx":776.962890625,"cy":386.9540100097656,"w":27.0831298828125,"h":4.83624267578125}}}
PNG /tmp/sdlive-gate/live-mut-d/after-1-a-lit-stick-upright-r2-70-live.png
PASS 1c: D-pad Up card open with tap and long-press rows {"wait":{"ok":true,"ms":0},"rows":["DPAD_UP","DPAD_UP_LONG_PRESS"]}
PNG /tmp/sdlive-gate/live-mut-d/after-2-dpad-up-long-press-row-flash.png
PASS 1c: bridge sent MIDI attributed to DPAD_UP_LONG_PRESS {"midiTotalBefore":19,"lastMidi":[{"action":"DPAD_UP_LONG_PRESS","bytes":[176,22,60],"kind":"midi","seq":178,"timestamp":315045.74889675},{"action":"DPAD_UP_LONG_PRESS","bytes":[176,22,62],"kind":"midi","seq":179,"timestamp":315045.784968083},{"action":"DPAD_UP_LONG_PRESS","bytes":[176,22,64],"kind":"midi","seq":180,"timestamp":315045.814078708},{"action":"DPAD_UP_LONG_PRESS","bytes":[176,22,66],"kind":"midi","seq":181,"timestamp":315045.848402833},{"action":"DPAD_UP_LONG_PRESS","bytes":[176,22,69],"kind":"midi","seq":182,"timestamp":315045.884494208}]}
PASS 1c: long-press row flashes within 100 ms of the press {"sentAt":1789461917619,"firstFlashAt":1789461917628,"deltaMs":9,"domAt50ms":{"DPAD_UP":false,"DPAD_UP_LONG_PRESS":true}}
PASS 1c: tap row does not flash {"tapFlashes":0,"domAt50ms":{"DPAD_UP":false,"DPAD_UP_LONG_PRESS":true},"otherRowsFlashed":["DPAD_UP_LONG_PRESS"]}
PASS 1e: List view -> zero live clients within 2 s (bridge snapshot) {"ok":true,"ms":92,"seen":[1,1,1,1,0]}
PASS 1e: back to Controller -> one live client {"reopened":{"ok":true,"ms":23,"seen":[0,1]},"statusWhileList":"offline"}
PASS 1d: Follow toggles ON {"wait":{"ok":true,"ms":1},"text":"Follow: on"}
FAIL 1d: Follow ON + BTN_Y press opens Y card {"ok":false,"ms":2003,"error":"TimeoutError: page.waitForFunction: Timeout 2000ms exceeded."}
FAIL script error "locator.click: Timeout 30000ms exceeded.\nCall log:\n\u001b[2m  - waiting for locator('[data-action=\"BTN_Y\"] .controller-edit')\u001b[22m\n\n    at /Users/viddyslap/Documents/project-workspaces/steam-deck-midi/docs/sdlive-gate/scripts/live_gate.cjs:234:66"
SUMMARY 21/25 PASS
