BROWSER_PID n/a args []
PASS pre: bridge has zero live clients before any page {"clients":0}
PASS pre: Controller ready (23 labels, live) {"ok":true,"ms":20}
PASS pre: one live client while Controller visible {"ok":true,"ms":1,"seen":[1]}
PASS 1d: Follow default OFF on a fresh profile {"aria":"false","text":"Follow: off"}
PASS 1a: BTN_A down lights A shape and label {"wait":{"ok":true,"ms":35},"idle":{"shapeDown":false,"labelDown":false,"fill":"rgb(34, 40, 64)","stroke":"rgb(154, 164, 200)","labelBg":"rgb(28, 33, 48)","labelBorder":"rgb(61, 77, 128)","tag":"","tagHidden":true},"down":{"shapeDown":true,"labelDown":true,"fill":"rgb(74, 158, 255)","stroke":"rgb(221, 226, 240)","labelBg":"rgb(42, 90, 154)","labelBorder":"rgb(74, 158, 255)","tag":"tap","tagHidden":false}}
PASS 1a: lit computed style differs from idle {"idle":["rgb(34, 40, 64)","rgb(154, 164, 200)","rgb(28, 33, 48)","rgb(61, 77, 128)"],"down":["rgb(74, 158, 255)","rgb(221, 226, 240)","rgb(42, 90, 154)","rgb(74, 158, 255)"]}
PASS 1a: bridge snapshot shows BTN_A pressed {"pressed":["BTN_A"]}
PASS 1a: follow OFF leaves card closed on press {}
PASS 1a: BTN_A up clears shape and label {"wait":{"ok":true,"ms":37},"up":{"shapeDown":false,"labelDown":false,"fill":"rgb(34, 40, 64)","stroke":"rgb(154, 164, 200)","labelBg":"rgb(28, 33, 48)","labelBorder":"rgb(61, 77, 128)","tag":"","tagHidden":true}}
PASS 1a: L2_SOFT_LAYER_2 lights L2 with its group tag L2 {"wait":{"ok":true,"ms":32},"l2":{"shapeDown":true,"labelDown":true,"fill":"rgb(74, 158, 255)","stroke":"rgb(221, 226, 240)","labelBg":"rgb(42, 90, 154)","labelBorder":"rgb(74, 158, 255)","tag":"L2","tagHidden":false}}
PASS 1a: L2 clears on up {"ok":true,"ms":42}
PASS 1b: left stick dot at right edge centre within 5 percent {"wait":{"ok":true,"ms":33},"cx":"310","cy":"175","dx":30,"dy":0,"travel":30,"shapeBBox":{"x":237,"y":132,"w":86,"h":86},"shapeRightEdgeCentre":{"x":323,"y":175},"screen":{"dot":{"cx":461.1351013183594,"cy":421.67030334472656,"w":12.4969482421875,"h":12.496917724609375},"shape":{"x":395.9725646972656,"y":383.286865234375,"w":76.76681518554688,"h":76.766845703125},"normX":0.6976746127501744,"normY":3.9753591339441607e-7}}
PASS 1b: R2 bar about half at R_TRIGGER_PRESSURE 32768 of 65535 {"wait":{"ok":true,"ms":40},"width":"32.000488288700694","fraction":0.5000076295109483}
PASS 1b: trackpad dot visible while its events flow {"samples":["0.74955","1","1","1","1","1","1","1","1"],"visibleWhileFlowing":8,"packetsTicks":57}
PASS 1b: trackpad dot fades after events stop {"msAfterStop":403,"wait":{"ok":true,"ms":403}}
PASS 2: AFTER inputs rendered (A lit, stick up-right, R2 70 percent) {"wait":{"ok":true,"ms":46},"stick":{"cx":"301.21198199026","cy":"153.7866885225621","width":null,"opacity":"1","shapeBBox":{"x":237,"y":132,"w":86,"h":86},"shapeScreen":{"x":395.9725646972656,"y":383.286865234375,"w":76.76681518554688,"h":76.766845703125},"dotScreen":{"cx":453.2905731201172,"cy":402.7344970703125,"w":12.496917724609375,"h":12.4969482421875}},"r2":{"cx":null,"cy":null,"width":"44.80048828870069","opacity":"1","shapeBBox":{"x":945,"y":32,"w":90,"h":36},"shapeScreen":{"x":1027.9599609375,"y":294.02313232421875,"w":80.33740234375,"h":32.13494873046875},"dotScreen":{"cx":1059.5595092773438,"cy":317.231689453125,"w":39.9906005859375,"h":7.14111328125}}}
PNG /tmp/sdlive-gate/live-mut-c/after-1-a-lit-stick-upright-r2-70-live.png
PASS 1c: D-pad Up card open with tap and long-press rows {"wait":{"ok":true,"ms":1},"rows":["DPAD_UP","DPAD_UP_LONG_PRESS"]}
PNG /tmp/sdlive-gate/live-mut-c/after-2-dpad-up-long-press-row-flash.png
PASS 1c: bridge sent MIDI attributed to DPAD_UP_LONG_PRESS {"midiTotalBefore":19,"lastMidi":[{"action":"DPAD_UP_LONG_PRESS","bytes":[176,22,60],"kind":"midi","seq":179,"timestamp":315022.128752041},{"action":"DPAD_UP_LONG_PRESS","bytes":[176,22,62],"kind":"midi","seq":180,"timestamp":315022.160114208},{"action":"DPAD_UP_LONG_PRESS","bytes":[176,22,64],"kind":"midi","seq":181,"timestamp":315022.195034833},{"action":"DPAD_UP_LONG_PRESS","bytes":[176,22,66],"kind":"midi","seq":182,"timestamp":315022.230020458},{"action":"DPAD_UP_LONG_PRESS","bytes":[176,22,68],"kind":"midi","seq":183,"timestamp":315022.260221375}]}
PASS 1c: long-press row flashes within 100 ms of the press {"sentAt":1789461894007,"firstFlashAt":1789461894011.2998,"deltaMs":4.2998046875,"domAt50ms":{"DPAD_UP":false,"DPAD_UP_LONG_PRESS":true}}
PASS 1c: tap row does not flash {"tapFlashes":0,"domAt50ms":{"DPAD_UP":false,"DPAD_UP_LONG_PRESS":true},"otherRowsFlashed":["DPAD_UP_LONG_PRESS"]}
FAIL 1e: List view -> zero live clients within 2 s (bridge snapshot) {"ok":false,"ms":2005,"seen":[1,1,1,1,1,1,1,1,1,1,1,1,1,1,1,1,1,1,1,1,1,1,1,1,1,1,1,1,1,1,1,1,1,1,1,1,1,1,1,1,1,1,1,1,1,1,1,1,1,1,1,1,1,1,1,1,1,1,1,1,1,1,1,1,1,1,1,1,1,1,1,1,1,1,1,1,1,1,1,1,1,1,1,1,1,1,1,1,1,1]}
PASS 1e: back to Controller -> one live client {"reopened":{"ok":true,"ms":1,"seen":[1]},"statusWhileList":"offline"}
PASS 1d: Follow toggles ON {"wait":{"ok":true,"ms":7},"text":"Follow: on"}
PASS 1d: Follow ON + BTN_Y press opens Y card {"ok":true,"ms":32}
PNG /tmp/sdlive-gate/live-mut-c/after-3-follow-on-card-opened-by-press.png
PASS 1d: unsaved inline edit + BTN_X press -> card does not switch, paused note shows {"noteShown":{"ok":true,"ms":3},"xLit":{"ok":true,"ms":25},"afterX":{"title":"Y","hidden":false,"note":"follow paused: unsaved edit","typed":"99"}}
PNG /tmp/sdlive-gate/live-mut-c/after-3b-follow-paused-unsaved-edit.png
PASS 1a-1e: no page JavaScript errors []
PASS post: closing the page returns clients to 0 {"ok":true,"ms":68,"seen":[1,1,1,0]}
PASS 1f: stress page ready {"ok":true,"ms":34}
PASS 1f: streamed 13 axes at 60 Hz for the duration {"elapsedS":10.097802125,"ticks":600,"axisPackets":7900,"hz":59.418870816900665,"streamErr":null}
PASS 1f: every click opened its card within 500 ms [{"id":"btn_a","clickToOpenMs":83,"ok":true,"atS":5},{"id":"btn_b","clickToOpenMs":12,"ok":true,"atS":10}]
PASS 1f: page still live after stress, no JS errors {"pageStream":{"data_events":5245,"dropped_events":0,"dropped_count":0,"live":"live"},"errors":[]}
PASS 1f: browser heap growth recorded (post-GC) {"heapBefore":{"JSEventListeners":250,"Nodes":2702,"JSHeapUsedSize":1504996,"JSHeapTotalSize":2146304},"heapAfter":{"JSEventListeners":305,"Nodes":3429,"JSHeapUsedSize":2410472,"JSHeapTotalSize":2981888},"growthBytes":905476,"heapDuring":[{"JSEventListeners":284,"Nodes":3068,"JSHeapUsedSize":2428716,"JSHeapTotalSize":4816896},{"JSEventListeners":305,"Nodes":3455,"JSHeapUsedSize":2537896,"JSHeapTotalSize":4554752}]}
PASS 1f: bridge dropped count recorded {"bridgeDroppedBefore":0,"bridgeDroppedAfter":9083,"bridgeDroppedDuringStress":9083,"pageDataEvents":5245,"pageDroppedEvents":0,"pageDroppedCount":0,"clients":1}
PASS post: stress page closed -> clients 0 {"ok":true,"ms":47,"seen":[1,1,0]}
SUMMARY 33/34 PASS
